HI-TECH Software PICC-18 Compiler V9.80 ()

Linker command line:

--edf=C:\Program Files (x86)\HI-TECH Software\PICC-18\9.80\dat\en_msgs.txt \
  -cs -h+motorController.sym -z -Q18F2221 -ol.obj -MmotorController.map -E1 \
  -ver=PICC-18 -ACODE=00h-0FFFh -ACONST=00h-0FFFh \
  -ASMALLCONST=0200h-02FFhx14 -AMEDIUMCONST=0200h-0FFFh -ACOMRAM=01h-07Fh \
  -AABS1=00h-01FFh -ABIGRAM=01h-01FFh -ARAM=080h-0FFh,0100h-01FFh \
  -ABANK0=080h-0FFh -ABANK1=0100h-01FFh -ASFR=0F80h-0FFFh \
  -preset_vec=00h,intcode=08h,intcodelo,powerup,init,end_init \
  -pramtop=0200h -psmallconst=SMALLCONST -pmediumconst=MEDIUMCONST \
  -pconst=CONST -AFARRAM=00h-00h -ACONFIG=0300000h-030000Dh -pconfig=CONFIG \
  -AIDLOC=0200000h-0200007h -pidloc=IDLOC -AEEDATA=0F00000h-0F000FFh \
  -peeprom_data=EEDATA \
  -prdata=COMRAM,nvrram=COMRAM,nvbit=COMRAM,rbss=COMRAM,rbit=COMRAM \
  -pfarbss=FARRAM,fardata=FARRAM \
  -pintsave_regs=BIGRAM,bigbss=BIGRAM,bigdata=BIGRAM -pbss=RAM \
  -pidata=CODE,irdata=CODE,ibigdata=CODE,ifardata=CODE \
  C:\Users\Mike\AppData\Local\Temp\s630.obj motorController.obj 

Object code version is 3.10

Machine type is 18F2221

Call graph: (short form)




                Name          Link     Load   Length Selector   Space       Scale
C:\Users\Mike\AppData\Local\Temp\s630.obj
                end_init       2BE      2BE        4       4     0
                reset_vec        0        0        4       0     0
motorController.obj
                intcode          8        8      2B6       4     0
                text6          3D2      3D2       46       4     0
                text5          4B2      4B2       14       4     0
                text4          49A      49A       18       4     0
                text3          4C6      4C6       14       4     0
                text2          44A      44A       28       4     0
                text1          472      472       28       4     0
                text0          2C2      2C2      110       4     0
                cstackCOM        1        1       18       1     1
                dataCOMRA       30       30        3       1     1
                bssCOMRAM       19       19       17       1     1
                bitbssCOM      198       33        1       1     1    8
                cinit          418      418       32       4     0
                idataCOMR      4DA      4DA        3       4     0

TOTAL           Name          Link     Load   Length     Space
        CLASS   CODE           
                end_init       2BE      2BE        4     0
                intcode          8        8      2B6     0
                reset_vec        0        0        4     0
                text6          3D2      3D2       46     0
                text5          4B2      4B2       14     0
                text4          49A      49A       18     0
                text3          4C6      4C6       14     0
                text2          44A      44A       28     0
                text1          472      472       28     0
                text0          2C2      2C2      110     0
                cinit          418      418       32     0
                idataCOMR      4DA      4DA        3     0

        CLASS   CONST          

        CLASS   SMALLCONST     

        CLASS   MEDIUMCONST    

        CLASS   COMRAM         
                cstackCOM        1        1       18     1
                dataCOMRA       30       30        3     1
                bssCOMRAM       19       19       17     1
                bitbssCOM      198       33        1     1

        CLASS   ABS1           

        CLASS   BIGRAM         

        CLASS   RAM            

        CLASS   BANK0          

        CLASS   BANK1          

        CLASS   SFR            

        CLASS   FARRAM         

        CLASS   CONFIG         

        CLASS   IDLOC          

        CLASS   EEDATA         



SEGMENTS        Name            Load    Length   Top    Selector   Space  Class

                reset_vec       000000  000004  000004         0       0  CODE    
                cstackCOMRAM    000001  000033  000034         1       1  COMRAM  
                intcode         000008  0004D5  0004DD         4       0  CODE    


UNUSED ADDRESS RANGES

        Name                Unused          Largest block    Delta
        BANK0            0080-00FF             80
        BANK1            0100-01FF            100
        BIGRAM           0034-01FF            1CC
        CODE             0004-0007              4
                         04DD-0FFF            B23
        COMRAM           0034-007F             4C
        CONFIG           300000-30000D              E
        CONST            0004-0007              4
                         04DD-0FFF            B23
        EEDATA           F00000-F000FF            100
        IDLOC            200000-200007              8
        MEDIUMCONST      04DD-0FFF            B23
        RAM              0080-01FF             80
        SFR              0F80-0FFF             80
        SMALLCONST       04DD-0FFF            100

                                  Symbol Table

??_configI2C            cstackCOMRAM 0013
??_configSoftPWM        cstackCOMRAM 0013
??_configSystem         cstackCOMRAM 0014
??_configTimer          cstackCOMRAM 0013
??_isr                  cstackCOMRAM 0001
??_main                 cstackCOMRAM 0017
??_readADC              cstackCOMRAM 0013
??_setupOsc             cstackCOMRAM 0013
?_configI2C             cstackCOMRAM 0001
?_configSoftPWM         cstackCOMRAM 0001
?_configSystem          cstackCOMRAM 0001
?_configTimer           cstackCOMRAM 0001
?_isr                   cstackCOMRAM 0001
?_main                  cstackCOMRAM 0001
?_readADC               cstackCOMRAM 0001
?_setupOsc              cstackCOMRAM 0001
_ACKSTAT                (abs)        7E2E
_ADCON0                 (abs)        0FC2
_ADCON1                 (abs)        0FC1
_ADCON2                 (abs)        0FC0
_ADRESH                 (abs)        0FC4
_ADRESL                 (abs)        0FC3
_CKP                    (abs)        7E34
_GO_nDONE               (abs)        7E11
_INTCONbits             (abs)        0FF2
_IOFS                   (abs)        7E9A
_OSCCON                 (abs)        0FD3
_PEIE                   (abs)        7F96
_PLLEN                  (abs)        7CDE
_PORTA                  (abs)        0F80
_PORTB                  (abs)        0F81
_PORTC                  (abs)        0F82
_PR2                    (abs)        0FCB
_RA0                    (abs)        7C00
_RA1                    (abs)        7C01
_RA2                    (abs)        7C02
_RA3                    (abs)        7C03
_RA4                    (abs)        7C04
_RA6                    (abs)        7C06
_RA7                    (abs)        7C07
_RB1                    (abs)        7C09
_RB5                    (abs)        7C0D
_RB7                    (abs)        7C0F
_RC5                    (abs)        7C15
_SSPADD                 (abs)        0FC8
_SSPBUF                 (abs)        0FC9
_SSPCON1                (abs)        0FC6
_SSPCON2                (abs)        0FC5
_SSPIF                  (abs)        7CF3
_SSPOV                  (abs)        7E36
_SSPSTAT                (abs)        0FC7
_T0CONbits              (abs)        0FD5
_T2CONbits              (abs)        0FCA
_TMR0IE                 (abs)        7F95
_TMR2IE                 (abs)        7CE9
_TMR2IF                 (abs)        7CF1
_TRISA                  (abs)        0F92
_TRISB                  (abs)        0F93
_TRISC                  (abs)        0F94
_WDTCON                 (abs)        0FD1
__HRAM                  (abs)        0000
__Habs1                 abs1         0000
__Hbank0                bank0        0000
__Hbank1                bank1        0000
__Hbigbss               bigbss       0000
__Hbigdata              bigdata      0000
__Hbigram               bigram       0000
__HbitbssCOMRAM         bitbssCOMRAM 0000
__Hbss                  bss          0000
__HbssCOMRAM            bssCOMRAM    0000
__Hcinit                cinit        0000
__Hclrtext              clrtext      0000
__Hcomram               comram       0000
__Hconfig               config       0000
__Hconst                const        0000
__HcstackCOMRAM         cstackCOMRAM 0000
__Hdata                 data         0000
__HdataCOMRAM           dataCOMRAM   0000
__Heeprom_data          eeprom_data  0000
__Hend_init             end_init     02C2
__Hfarbss               farbss       0000
__Hfardata              fardata      0000
__Hibigdata             ibigdata     0000
__Hidata                idata        0000
__HidataCOMRAM          idataCOMRAM  0000
__Hidloc                idloc        0000
__Hifardata             ifardata     0000
__Hinit                 init         02BE
__Hintcode              intcode      02BE
__Hintcode_body         intcode_body 0000
__Hintcodelo            intcodelo    02BE
__Hintentry             intentry     0000
__Hintret               intret       0000
__Hintsave_regs         intsave_regs 0000
__Hirdata               irdata       0000
__Hmediumconst          mediumconst  0000
__Hnvbit                nvbit        0000
__Hnvrram               nvrram       0000
__Hparam                rparam       0000
__Hpowerup              powerup      02BE
__Hram                  ram          0000
__Hramtop               ramtop       0200
__Hrbit                 rbit         0000
__Hrbss                 rbss         0000
__Hrdata                rdata        0000
__Hreset_vec            reset_vec    0004
__Hrparam               rparam       0000
__Hsfr                  sfr          0000
__Hsmallconst           smallconst   0000
__Hstruct               struct       0000
__Htemp                 temp         0000
__Htext                 text         0000
__Htext0                text0        0000
__Htext1                text1        0000
__Htext2                text2        0000
__Htext3                text3        0000
__Htext4                text4        0000
__Htext5                text5        0000
__Htext6                text6        0000
__LRAM                  (abs)        0001
__Labs1                 abs1         0000
__Lbank0                bank0        0000
__Lbank1                bank1        0000
__Lbigbss               bigbss       0000
__Lbigdata              bigdata      0000
__Lbigram               bigram       0000
__LbitbssCOMRAM         bitbssCOMRAM 0000
__Lbss                  bss          0000
__LbssCOMRAM            bssCOMRAM    0000
__Lcinit                cinit        0000
__Lclrtext              clrtext      0000
__Lcomram               comram       0000
__Lconfig               config       0000
__Lconst                const        0000
__LcstackCOMRAM         cstackCOMRAM 0000
__Ldata                 data         0000
__LdataCOMRAM           dataCOMRAM   0000
__Leeprom_data          eeprom_data  0000
__Lend_init             end_init     02BE
__Lfarbss               farbss       0000
__Lfardata              fardata      0000
__Libigdata             ibigdata     0000
__Lidata                idata        0000
__LidataCOMRAM          idataCOMRAM  0000
__Lidloc                idloc        0000
__Lifardata             ifardata     0000
__Linit                 init         02BE
__Lintcode              intcode      0008
__Lintcode_body         intcode_body 0000
__Lintcodelo            intcodelo    02BE
__Lintentry             intentry     0000
__Lintret               intret       0000
__Lintsave_regs         intsave_regs 0000
__Lirdata               irdata       0000
__Lmediumconst          mediumconst  0000
__Lnvbit                nvbit        0000
__Lnvrram               nvrram       0000
__Lparam                rparam       0000
__Lpowerup              powerup      02BE
__Lram                  ram          0000
__Lramtop               ramtop       0200
__Lrbit                 rbit         0000
__Lrbss                 rbss         0000
__Lrdata                rdata        0000
__Lreset_vec            reset_vec    0000
__Lrparam               rparam       0000
__Lsfr                  sfr          0000
__Lsmallconst           smallconst   0000
__Lstruct               struct       0000
__Ltemp                 temp         0000
__Ltext                 text         0000
__Ltext0                text0        0000
__Ltext1                text1        0000
__Ltext2                text2        0000
__Ltext3                text3        0000
__Ltext4                text4        0000
__Ltext5                text5        0000
__Ltext6                text6        0000
__S0                    (abs)        04DD
__S1                    (abs)        0034
__accesstop             (abs)        0080
__activetblptr          (abs)        0000
__end_of_configI2C      text3        04DA
__end_of_configSoftPWM  text4        04B2
__end_of_configSystem   text1        049A
__end_of_configTimer    text5        04C6
__end_of_isr            intcode      02BE
__end_of_main           text0        03D2
__end_of_readADC        text6        0418
__end_of_setupOsc       text2        0472
__mediumconst           mediumconst  0000
__pbitbssCOMRAM         bitbssCOMRAM 0198
__pbssCOMRAM            bssCOMRAM    0019
__pcinit                cinit        0418
__pcstackCOMRAM         cstackCOMRAM 0001
__pdataCOMRAM           dataCOMRAM   0030
__pidataCOMRAM          idataCOMRAM  04DA
__pintcode              intcode      0008
__ptext0                text0        02C2
__ptext1                text1        0472
__ptext2                text2        044A
__ptext3                text3        04C6
__ptext4                text4        049A
__ptext5                text5        04B2
__ptext6                text6        03D2
__ramtop                ramtop       0200
__size_of_configI2C     (abs)        0000
__size_of_configSoftPWM (abs)        0000
__size_of_configSystem  (abs)        0000
__size_of_configTimer   (abs)        0000
__size_of_isr           (abs)        0000
__size_of_main          (abs)        0000
__size_of_readADC       (abs)        0000
__size_of_setupOsc      (abs)        0000
__smallconst            smallconst   0000
_configI2C              text3        04C6
_configSoftPWM          text4        049A
_configSystem           text1        0472
_configTimer            text5        04B2
_counter                bssCOMRAM    002B
_down                   bssCOMRAM    002C
_dutyCycle1             bssCOMRAM    0019
_dutyCycle2             bssCOMRAM    001B
_dutyCycle3             bssCOMRAM    001D
_dutyCycle4             bssCOMRAM    001F
_dutyCycle5             bssCOMRAM    0021
_dutyCycle6             bssCOMRAM    0023
_i2c_buff_index         bssCOMRAM    0025
_i2c_rx_buff            bssCOMRAM    0027
_i2c_tx_buff            bssCOMRAM    0029
_isr                    intcode      0008
_main                   text0        02C2
_maxDuty                dataCOMRAM   0030
_newData                bitbssCOMRAM 0198
_potEnabled             bssCOMRAM    002D
_pwmCounter             bssCOMRAM    002E
_readADC                text6        03D2
_setupOsc               text2        044A
_stressTest             dataCOMRAM   0032
_v_sspstat              bssCOMRAM    002F
end_of_initialization   cinit        0444
intlevel0               text         0000
intlevel1               text         0000
intlevel2               text         0000
intlevel3               text         0000
isr@size                cstackCOMRAM 0012
readADC@result          cstackCOMRAM 0015
start                   init         02BE
start_initialization    cinit        0418
